Drill report for 100064667.kicad_pcb
Created on 2024-09-11T11:50:37-0400

Copper Layer Stackup:
    =============================================================
    L1 :  F.Cu                      front
    L2 :  In1.Cu                    in1
    L3 :  In2.Cu                    in2
    L4 :  In3.Cu                    in3
    L5 :  In4.Cu                    in4
    L6 :  In5.Cu                    in5
    L7 :  In6.Cu                    in6
    L8 :  B.Cu                      back


Drill file '100064667-PTH.drl' contains
    plated through holes:
    =============================================================
    T1  0.152mm  0.0060"  (79 holes)
    T2  0.254mm  0.0100"  (34 holes)
    T3  0.635mm  0.0250"  (16 holes)
    T4  1.270mm  0.0500"  (2 holes)

    Total plated holes count 131


Drill file '100064667-NPTH.drl' contains
    unplated through holes:
    =============================================================
    T1  0.991mm  0.0390"  (3 holes)
    T2  1.803mm  0.0710"  (3 holes)

    Total unplated holes count 6
