Drill report for 100068622-001_Rev1.kicad_pcb
Created on 2024-09-11T14:35:31-0400

Copper Layer Stackup:
    =============================================================
    L1 :  F.Cu                      front
    L2 :  In1.Cu                    in1
    L3 :  In2.Cu                    in2
    L4 :  B.Cu                      back


Drill file '100068622-001_Rev1-PTH.drl' contains
    plated through holes:
    =============================================================
    T1  0.152mm  0.0060"  (172 holes)
    T2  0.813mm  0.0320"  (9 holes)

    Total plated holes count 181


Drill file '100068622-001_Rev1-NPTH.drl' contains
    unplated through holes:
    =============================================================
    T1  1.448mm  0.0570"  (6 holes)
    T2  2.200mm  0.0866"  (2 holes)

    Total unplated holes count 8
